{"level":"info","message":"✅ Database connected successfully","timestamp":"2026-05-03 11:37:19"}
{"level":"info","message":"🚀 CodeSense AI Server running on port 5000","timestamp":"2026-05-03 11:37:19"}
{"level":"info","message":"[POST] /api/auth/login","timestamp":"2026-05-03 11:38:23"}
{"level":"info","message":"[GET] /api/history","timestamp":"2026-05-03 11:38:25"}
{"level":"info","message":"[GET] /api/auth/me","timestamp":"2026-05-03 11:38:25"}
{"level":"info","message":"[GET] /api/history","timestamp":"2026-05-03 11:38:25"}
{"level":"info","message":"[GET] /api/auth/me","timestamp":"2026-05-03 11:38:25"}
{"level":"info","message":"[GET] /api/auth/me","timestamp":"2026-05-03 11:38:25"}
{"level":"info","message":"[GET] /api/auth/me","timestamp":"2026-05-03 11:38:25"}
{"level":"info","message":"[POST] /api/code-review","timestamp":"2026-05-03 11:39:13"}
{"level":"info","message":"[POST] /api/chat","timestamp":"2026-05-03 11:39:37"}
{"level":"info","message":"[GET] /api/history","timestamp":"2026-05-03 11:40:00"}
{"level":"info","message":"[GET] /api/history","timestamp":"2026-05-03 11:40:00"}
{"level":"info","message":"[GET] /api/analytics","timestamp":"2026-05-03 11:40:05"}
{"level":"info","message":"[GET] /api/analytics","timestamp":"2026-05-03 11:40:05"}
{"level":"info","message":"[GET] /api/auth/me","timestamp":"2026-05-03 11:40:08"}
{"level":"info","message":"[GET] /api/auth/me","timestamp":"2026-05-03 11:40:08"}
{"level":"info","message":"[GET] /api/history","timestamp":"2026-05-03 11:40:20"}
{"level":"info","message":"[GET] /api/auth/me","timestamp":"2026-05-03 11:40:20"}
{"level":"info","message":"[GET] /api/history","timestamp":"2026-05-03 11:40:20"}
{"level":"info","message":"[GET] /api/auth/me","timestamp":"2026-05-03 11:40:20"}
{"level":"info","message":"[GET] /api/history","timestamp":"2026-05-03 11:40:29"}
{"level":"info","message":"[GET] /api/history","timestamp":"2026-05-03 11:40:29"}
{"level":"info","message":"[GET] /api/history","timestamp":"2026-05-03 11:40:45"}
{"level":"info","message":"[GET] /api/auth/me","timestamp":"2026-05-03 11:40:45"}
{"level":"info","message":"[GET] /api/history","timestamp":"2026-05-03 11:40:45"}
{"level":"info","message":"[GET] /api/auth/me","timestamp":"2026-05-03 11:40:45"}
{"level":"info","message":"✅ Database connected successfully","timestamp":"2026-05-03 11:57:05"}
{"level":"info","message":"🚀 CodeSense AI Server running on port 5000","timestamp":"2026-05-03 11:57:05"}
